Microchip MPLAB XC8 Compiler V2.20

Linker command line:

-W-3 --edf=C:\Program Files\Microchip\xc8\v2.20\pic\dat\en_msgs.txt -cn \
  -h+dist/default/production\Water_Heater.X.production.sym \
  --cmf=dist/default/production\Water_Heater.X.production.cmf -z -Q16F877A \
  -oC:\Users\LENOVO\AppData\Local\Temp\sf0c.2 --defsym=__MPLAB_BUILD=1 \
  -Mdist/default/production/Water_Heater.X.production.map -E1 \
  -ver=XC8 Compiler --acfsm=1493 -ASTACK=0110h-016Fh -pstack=STACK \
  -ACODE=00h-07FFhx4 -ASTRCODE=00h-01FFFh -ASTRING=00h-0FFhx32 \
  -ACONST=00h-0FFhx32 -AENTRY=00h-0FFhx32 -ACOMMON=070h-07Fh \
  -ABANK0=020h-06Fh -ABANK1=0A0h-0EFh -ABANK2=0110h-016Fh \
  -ABANK3=0190h-01EFh -ARAM=020h-06Fh,0A0h-0EFh,0110h-016Fh,0190h-01EFh \
  -AABS1=020h-07Fh,0A0h-0EFh,0110h-016Fh,0190h-01EFh -ASFR0=00h-01Fh \
  -ASFR1=080h-09Fh -ASFR2=0100h-010Fh -ASFR3=0180h-018Fh \
  -ACONFIG=02007h-02007h -DCONFIG=2 -AIDLOC=02000h-02003h -DIDLOC=2 \
  -preset_vec=00h,intentry=04h,init,end_init -ppowerup=CODE -pcinit=CODE \
  -pfunctab=ENTRY -AEEDATA=00h-0FFh/02100h -peeprom_data=EEDATA -DEEDATA=2 \
  -DCODE=2 -DSTRCODE=2 -DSTRING=2 -DCONST=2 -DENTRY=2 -k \
  C:\Users\LENOVO\AppData\Local\Temp\sf0c.o \
  dist/default/production\Water_Heater.X.production.o 

Object code version is 3.11

Machine type is 16F877A



                Name                               Link     Load   Length Selector   Space Scale
C:\Users\LENOVO\AppData\Local\Temp\sf0c.o
                end_init                             12       12        3        8       0
                reset_vec                             0        0        3        0       0
                config                             2007     2007        1        0       4
dist/default/production\Water_Heater.X.production.o
                cinit                                15       15       38        8       0
                functab                              4D       4D        A       9A       0
                intentry                              4        4        E        8       0
                config                             2007     2007        1        0       4
                text44                             15AB     15AB        5     2B56       0
                text43                             15BA     15BA        6     2B74       0
                text42                             1748     1748       24     2E90       0
                text41                              94A      94A       67     1294       0
                text40                              8F1      8F1       59     11E2       0
                text39                             176C     176C       2E     2ED8       0
                text38                             1725     1725       23     2E4A       0
                text37                             1607     1607        E     2C0E       0
                text36                              E23      E23      1DD     1C46       0
                text35                              801      801       27     1002       0
                text34                               57       57      361       AE       0
                text33                              BC0      BC0       BC     1780       0
                text32                              89D      89D       54     113A       0
                text31                              3B8      3B8      294       AE       0
                text30                              A19      A19       7A     1432       0
                text29                             15ED     15ED        D     2BDA       0
                text28                             15C6     15C6        9     2B8C       0
                text27                             1615     1615        E     2C2A       0
                text26                             1631     1631       10     2C62       0
                text25                             16B1     16B1       1B     2D62       0
                text24                             16E7     16E7       1F     2DCE       0
                text23                             17CC     17CC       34     2F98       0
                text22                              828      828       36     1050       0
                text21                              64C      64C      195       AE       0
                text20                             169C     169C       15     2D38       0
                text19                             1706     1706       1F     2E0C       0
                text18                             15B0     15B0        5     2B60       0
                text17                             15FA     15FA        D     2BF4       0
                text16                             1641     1641       11     2C82       0
                text15                             16CC     16CC       1B     2D98       0
                text14                             15CF     15CF        9     2B9E       0
                text13                             1623     1623        E     2C46       0
                text12                             1688     1688       14     2D10       0
                text11                              7E1      7E1       1F       AE       0
                text10                              85E      85E       3F     10BC       0
                text9                              1663     1663       12     2CC6       0
                text8                               B1C      B1C       A4     1638       0
                text7                               C7C      C7C       BC     18F8       0
                text6                               D38      D38       EB     1A70       0
                text5                              15E2     15E2        B     2BC4       0
                text4                               9B1      9B1       68     1362       0
                text3                              179A     179A       32     2F34       0
                text2                              15C0     15C0        6     2B80       0
                text1                              1652     1652       11     2CA4       0
                maintext                            A93      A93       89     1526       0
                cstackBANK0                          20       20       43       20       1
                cstackCOMMON                         70       70        E       70       1
                cstackBANK1                          A0       A0       28       A0       1
                cstackBANK3                         190      190       22      190       1
                inittext                           1675     1675       13     2CEA       0
                dataBANK3                           1B2      1B2        5      190       1
                dataBANK1                            D4       D4        1       A0       1
                bssBANK1                             C8       C8        B       A0       1
                dataBANK0                            63       63        A       20       1
                bssBANK0                             6D       6D        3       20       1
                nvBANK1                              D3       D3        1       A0       1
                idataBANK3                         15B5     15B5        5     2B6A       0
                idataBANK1                            3        3        1        0       0
                idataBANK0                         15D8     15D8        A     2BB0       0

TOTAL           Name                               Link     Load   Length     Space
        CLASS   STACK          

        CLASS   CODE           
                end_init                             12       12        3         0
                cinit                                15       15       38         0
                intentry                              4        4        E         0
                reset_vec                             0        0        3         0
                text44                             15AB     15AB        5         0
                text43                             15BA     15BA        6         0
                text42                             1748     1748       24         0
                text41                              94A      94A       67         0
                text40                              8F1      8F1       59         0
                text39                             176C     176C       2E         0
                text38                             1725     1725       23         0
                text37                             1607     1607        E         0
                text36                              E23      E23      1DD         0
                text35                              801      801       27         0
                text34                               57       57      361         0
                text33                              BC0      BC0       BC         0
                text32                              89D      89D       54         0
                text31                              3B8      3B8      294         0
                text30                              A19      A19       7A         0
                text29                             15ED     15ED        D         0
                text28                             15C6     15C6        9         0
                text27                             1615     1615        E         0
                text26                             1631     1631       10         0
                text25                             16B1     16B1       1B         0
                text24                             16E7     16E7       1F         0
                text23                             17CC     17CC       34         0
                text22                              828      828       36         0
                text21                              64C      64C      195         0
                text20                             169C     169C       15         0
                text19                             1706     1706       1F         0
                text18                             15B0     15B0        5         0
                text17                             15FA     15FA        D         0
                text16                             1641     1641       11         0
                text15                             16CC     16CC       1B         0
                text14                             15CF     15CF        9         0
                text13                             1623     1623        E         0
                text12                             1688     1688       14         0
                text11                              7E1      7E1       1F         0
                text10                              85E      85E       3F         0
                text9                              1663     1663       12         0
                text8                               B1C      B1C       A4         0
                text7                               C7C      C7C       BC         0
                text6                               D38      D38       EB         0
                text5                              15E2     15E2        B         0
                text4                               9B1      9B1       68         0
                text3                              179A     179A       32         0
                text2                              15C0     15C0        6         0
                text1                              1652     1652       11         0
                maintext                            A93      A93       89         0
                inittext                           1675     1675       13         0
                idataBANK3                         15B5     15B5        5         0
                idataBANK1                            3        3        1         0
                idataBANK0                         15D8     15D8        A         0

        CLASS   STRCODE        

        CLASS   STRING         

        CLASS   CONST          

        CLASS   ENTRY          
                functab                              4D       4D        A         0

        CLASS   COMMON         
                cstackCOMMON                         70       70        E         1

        CLASS   BANK0          
                cstackBANK0                          20       20       43         1
                dataBANK0                            63       63        A         1
                bssBANK0                             6D       6D        3         1

        CLASS   BANK1          
                cstackBANK1                          A0       A0       28         1
                dataBANK1                            D4       D4        1         1
                bssBANK1                             C8       C8        B         1
                nvBANK1                              D3       D3        1         1

        CLASS   BANK2          

        CLASS   BANK3          
                cstackBANK3                         190      190       22         1
                dataBANK3                           1B2      1B2        5         1

        CLASS   RAM            

        CLASS   ABS1           
                abs_s1                               7E       7E        2         1

        CLASS   SFR0           

        CLASS   SFR1           

        CLASS   SFR2           

        CLASS   SFR3           

        CLASS   CONFIG         
                config                             2007     2007        1         4

        CLASS   IDLOC          

        CLASS   EEDATA         



SEGMENTS        Name                           Load    Length   Top    Selector   Space  Class     Delta

                reset_vec                      000000  000004  000004         0       0  CODE        2
                intentry                       000004  000049  00004D         8       0  CODE        2
                cstackBANK0                    000020  000050  000070        20       1  BANK0       1
                cstackCOMMON                   000070  00000E  00007E        70       1  COMMON      1
                functab                        00004D  00000A  000057        9A       0  ENTRY       2
                cstackBANK1                    0000A0  000035  0000D5        A0       1  BANK1       1
                text34                         000057  0007A9  000800        AE       0  CODE        2
                cstackBANK3                    000190  000027  0001B7       190       1  BANK3       1
                text35                         000801  000027  000828      1002       0  CODE        2
                text22                         000828  000036  00085E      1050       0  CODE        2
                text10                         00085E  00003F  00089D      10BC       0  CODE        2
                text32                         00089D  000054  0008F1      113A       0  CODE        2
                text40                         0008F1  000059  00094A      11E2       0  CODE        2
                text41                         00094A  000067  0009B1      1294       0  CODE        2
                text4                          0009B1  000068  000A19      1362       0  CODE        2
                text30                         000A19  00007A  000A93      1432       0  CODE        2
                maintext                       000A93  000089  000B1C      1526       0  CODE        2
                text8                          000B1C  0000A4  000BC0      1638       0  CODE        2
                text33                         000BC0  0000BC  000C7C      1780       0  CODE        2
                text7                          000C7C  0000BC  000D38      18F8       0  CODE        2
                text6                          000D38  0000EB  000E23      1A70       0  CODE        2
                text36                         000E23  0001DD  001000      1C46       0  CODE        2
                text44                         0015AB  000005  0015B0      2B56       0  CODE        2
                text18                         0015B0  000005  0015B5      2B60       0  CODE        2
                idataBANK3                     0015B5  000005  0015BA      2B6A       0  CODE        2
                text43                         0015BA  000006  0015C0      2B74       0  CODE        2
                text2                          0015C0  000006  0015C6      2B80       0  CODE        2
                text28                         0015C6  000009  0015CF      2B8C       0  CODE        2
                text14                         0015CF  000009  0015D8      2B9E       0  CODE        2
                idataBANK0                     0015D8  00000A  0015E2      2BB0       0  CODE        2
                text5                          0015E2  00000B  0015ED      2BC4       0  CODE        2
                text29                         0015ED  00000D  0015FA      2BDA       0  CODE        2
                text17                         0015FA  00000D  001607      2BF4       0  CODE        2
                text37                         001607  00000E  001615      2C0E       0  CODE        2
                text27                         001615  00000E  001623      2C2A       0  CODE        2
                text13                         001623  00000E  001631      2C46       0  CODE        2
                text26                         001631  000010  001641      2C62       0  CODE        2
                text16                         001641  000011  001652      2C82       0  CODE        2
                text1                          001652  000011  001663      2CA4       0  CODE        2
                text9                          001663  000012  001675      2CC6       0  CODE        2
                inittext                       001675  000013  001688      2CEA       0  CODE        2
                text12                         001688  000014  00169C      2D10       0  CODE        2
                text20                         00169C  000015  0016B1      2D38       0  CODE        2
                text25                         0016B1  00001B  0016CC      2D62       0  CODE        2
                text15                         0016CC  00001B  0016E7      2D98       0  CODE        2
                text24                         0016E7  00001F  001706      2DCE       0  CODE        2
                text19                         001706  00001F  001725      2E0C       0  CODE        2
                text38                         001725  000023  001748      2E4A       0  CODE        2
                text42                         001748  000024  00176C      2E90       0  CODE        2
                text39                         00176C  00002E  00179A      2ED8       0  CODE        2
                text3                          00179A  000032  0017CC      2F34       0  CODE        2
                text23                         0017CC  000034  001800      2F98       0  CODE        2


UNUSED ADDRESS RANGES

        Name                Unused          Largest block    Delta
        BANK1            00D5-00EF             1B           1
        BANK2            0110-016F             60           1
        BANK3            01B7-01EF             39           1
        CODE             0800-0800              1           2
                         1000-15AA            5AB
                         1800-1FFF            800
        CONST            0800-0800              1           2
                         1000-15AA            100
                         1800-1FFF            100
        EEDATA           2100-21FF            100           2
        ENTRY            0800-0800              1           2
                         1000-15AA            100
                         1800-1FFF            100
        IDLOC            2000-2003              4           2
        RAM              00D5-00EF             1B           1
                         0110-016F             60
                         01B7-01EF             39
        SFR0             0000-001F             20           1
        SFR1             0080-009F             20           1
        SFR2             0100-010F             10           1
        SFR3             0180-018F             10           1
        STACK            0110-016F             60           1
        STRCODE          0800-0800              1           2
                         1000-15AA            5AB
                         1800-1FFF            800
        STRING           0800-0800              1           2
                         1000-15AA            100
                         1800-1FFF            100

                                  Symbol Table

?_ADC_Read                            cstackCOMMON 0070
?_Sense_Temp                          cstackBANK0  005A
?__Umul8_16                           cstackCOMMON 0070
?___awdiv                             cstackCOMMON 0070
?___awmod                             cstackCOMMON 0070
?___fladd                             cstackCOMMON 0070
?___fldiv                             cstackBANK0  0040
?___flmul                             cstackBANK0  0026
?___fltol                             cstackCOMMON 0070
?___lldiv                             cstackBANK3  0190
?___xxtofl                            cstackBANK3  0190
?i1___xxtofl                          cstackCOMMON 0072
Display_Num@Temp                      cstackCOMMON 007B
EEPROM_Read@Data                      cstackBANK3  0192
EEPROM_Read@address                   cstackBANK3  0191
EEPROM_Read@page                      cstackBANK3  0193
EEPROM_Write@Data                     cstackCOMMON 0072
EEPROM_Write@address                  cstackCOMMON 0071
EEPROM_Write@page                     cstackCOMMON 0073
EX_Interrupt_INIT@PtrToFunc           cstackBANK3  0190
Heating_and_Cooling@Temperature       cstackBANK3  01AA
Heating_and_Cooling@current_Temp      cstackBANK3  01AF
I2C_Write_Address@Address             cstackBANK3  0190
I2C_Write_Data@Data                   cstackBANK3  0190
ISR_CallBack@Heating_LED_Flag         bssBANK1     00C8
ISR_CallBack@Milli_Sec                bssBANK1     00CE
ISR_CallBack@Temp_average             cstackBANK1  00A0
ISR_CallBack@i                        bssBANK1     00CF
Master_INIT@I2C_BaudRate              cstackBANK3  019E
Select_Digit@Digit                    cstackCOMMON 0072
Seperate_Num@Num                      cstackCOMMON 007A
_ACKDT                                (abs)        048D
_ACKEN                                (abs)        048C
_ACKSTAT                              (abs)        048E
_ADCS2                                (abs)        04FE
_ADC_INIT                             text19       1706
_ADC_Read                             text37       1607
_ADFM                                 (abs)        04FF
_ADON                                 (abs)        00F8
_ADRESH                               (abs)        001E
_ADRESL                               (abs)        009E
_Buttons_INIT                         text18       15B0
_CHS1                                 (abs)        00FC
_Disable_Display                      text44       15AB
_Disable_Heating_and_Cooling          text43       15BA
_Display_Num                          text38       1725
_EEPROM_Read                          text10       085E
_EEPROM_Write                         text24       16E7
_EX_INT_CallBack                      nvBANK1      00D3
_EX_Interrupt_INIT                    text9        1663
_GIE                                  (abs)        005F
_GO_DONE                              (abs)        00FA
_GO_nDONE                             (abs)        00FA
_Heating_and_Cooling                  text6        0D38
_Heating_and_Cooling_INIT             text5        15E2
_I2C_NACK                             text16       1641
_I2C_Read_Data                        text15       16CC
_I2C_Start                            text14       15CF
_I2C_Stop                             text13       1623
_I2C_Write_Address                    text12       1688
_I2C_Write_Data                       text11       07E1
_INT1                                 bssBANK1     00D2
_INT2                                 bssBANK1     00D1
_INTE                                 (abs)        005C
_INTEDG                               (abs)        040E
_INTF                                 (abs)        0059
_ISR                                  text20       169C
_ISR_CallBack                         text21       064C
_Master_INIT                          text3        179A
_Num_Digit                            bssBANK0     006D
_PCFG0                                (abs)        04F8
_PCFG3                                (abs)        04FB
_PEIE                                 (abs)        005E
_PEN                                  (abs)        048A
_PORTAbits                            (abs)        0005
_PORTBbits                            (abs)        0006
_PORTD                                (abs)        0008
_RB7                                  (abs)        0037
_RC2                                  (abs)        003A
_RC5                                  (abs)        003D
_RCEN                                 (abs)        048B
_RSEN                                 (abs)        0489
_SEN                                  (abs)        0488
_SSD_INIT                             text2        15C0
_SSPADD                               (abs)        0093
_SSPBUF                               (abs)        0013
_SSPCON2                              (abs)        0091
_SSPEN                                (abs)        00A5
_SSPIF                                (abs)        0063
_SSPM3                                (abs)        00A3
_SSPSTAT                              (abs)        0094
_Sec1                                 bssBANK1     00CC
_Sec5                                 bssBANK1     00CA
_Select_Digit                         text42       1748
_Select_Seg                           bssBANK0     006F
_Sense_Temp                           text32       089D
_Seperate_Num                         text39       176C
_SetNum                               dataBANK0    0063
_Setting_Mode                         bssBANK1     00D0
_Sleep_Mode                           dataBANK1    00D4
_TMR1                                 (abs)        000E
_TMR1CS                               (abs)        0081
_TMR1IE                               (abs)        0460
_TMR1IF                               (abs)        0060
_TMR1ON                               (abs)        0080
_TRISA4                               (abs)        042C
_TRISA5                               (abs)        042D
_TRISB                                (abs)        0086
_TRISB0                               (abs)        0430
_TRISB1                               (abs)        0431
_TRISB2                               (abs)        0432
_TRISB7                               (abs)        0437
_TRISC2                               (abs)        043A
_TRISC3                               (abs)        043B
_TRISC4                               (abs)        043C
_TRISC5                               (abs)        043D
_TRISD                                (abs)        0088
_Temperature                          dataBANK3    01B6
_Timer_INIT                           text1        1652
_Wait_IdleState                       text17       15FA
__Habs1                               abs1         0000
__Hbank0                              bank0        0000
__Hbank1                              bank1        0000
__Hbank2                              bank2        0000
__Hbank3                              bank3        0000
__HbssBANK0                           bssBANK0     0000
__HbssBANK1                           bssBANK1     0000
__Hcinit                              cinit        004D
__Hclrtext                            clrtext      0000
__Hcode                               code         0000
__Hcommon                             common       0000
__Hconfig                             config       2008
__HcstackBANK0                        cstackBANK0  0000
__HcstackBANK1                        cstackBANK1  0000
__HcstackBANK3                        cstackBANK3  0000
__HcstackCOMMON                       cstackCOMMON 0000
__HdataBANK0                          dataBANK0    0000
__HdataBANK1                          dataBANK1    0000
__HdataBANK3                          dataBANK3    0000
__Heeprom_data                        eeprom_data  0000
__Hend_init                           end_init     0015
__Hfunctab                            functab      0057
__HidataBANK0                         idataBANK0   0000
__HidataBANK1                         idataBANK1   0000
__HidataBANK3                         idataBANK3   0000
__Hinit                               init         0012
__Hinittext                           inittext     0000
__Hintentry                           intentry     0012
__Hmaintext                           maintext     0000
__HnvBANK1                            nvBANK1      0000
__Hpowerup                            powerup      0000
__Hram                                ram          0000
__Hreset_vec                          reset_vec    0003
__Hsfr0                               sfr0         0000
__Hsfr1                               sfr1         0000
__Hsfr2                               sfr2         0000
__Hsfr3                               sfr3         0000
__Hspace_0                            (abs)        1800
__Hspace_1                            (abs)        01B7
__Hspace_2                            (abs)        0000
__Hspace_3                            (abs)        0000
__Hspace_4                            (abs)        400F
__Hstack                              stack        0000
__Hstrings                            strings      0000
__Htext                               text         0000
__Labs1                               abs1         0000
__Lbank0                              bank0        0000
__Lbank1                              bank1        0000
__Lbank2                              bank2        0000
__Lbank3                              bank3        0000
__LbssBANK0                           bssBANK0     0000
__LbssBANK1                           bssBANK1     0000
__Lcinit                              cinit        0015
__Lclrtext                            clrtext      0000
__Lcode                               code         0000
__Lcommon                             common       0000
__Lconfig                             config       0000
__LcstackBANK0                        cstackBANK0  0000
__LcstackBANK1                        cstackBANK1  0000
__LcstackBANK3                        cstackBANK3  0000
__LcstackCOMMON                       cstackCOMMON 0000
__LdataBANK0                          dataBANK0    0000
__LdataBANK1                          dataBANK1    0000
__LdataBANK3                          dataBANK3    0000
__Leeprom_data                        eeprom_data  0000
__Lend_init                           end_init     0012
__Lfunctab                            functab      004D
__LidataBANK0                         idataBANK0   0000
__LidataBANK1                         idataBANK1   0000
__LidataBANK3                         idataBANK3   0000
__Linit                               init         0012
__Linittext                           inittext     0000
__Lintentry                           intentry     0004
__Lmaintext                           maintext     0000
__LnvBANK1                            nvBANK1      0000
__Lpowerup                            powerup      0000
__Lram                                ram          0000
__Lreset_vec                          reset_vec    0000
__Lsfr0                               sfr0         0000
__Lsfr1                               sfr1         0000
__Lsfr2                               sfr2         0000
__Lsfr3                               sfr3         0000
__Lspace_0                            (abs)        0000
__Lspace_1                            (abs)        0000
__Lspace_2                            (abs)        0000
__Lspace_3                            (abs)        0000
__Lspace_4                            (abs)        0000
__Lstack                              stack        0000
__Lstrings                            strings      0000
__Ltext                               text         0000
__S0                                  (abs)        1800
__S1                                  (abs)        01B7
__S2                                  (abs)        0000
__S3                                  (abs)        0000
__Umul8_16                            text35       0801
__Umul8_16@multiplicand               cstackCOMMON 0070
__Umul8_16@multiplier                 cstackCOMMON 0078
__Umul8_16@product                    cstackCOMMON 0074
__Umul8_16@word_mpld                  cstackCOMMON 0076
___awdiv                              text41       094A
___awdiv@counter                      cstackCOMMON 0074
___awdiv@dividend                     cstackCOMMON 0072
___awdiv@divisor                      cstackCOMMON 0070
___awdiv@quotient                     cstackCOMMON 0076
___awdiv@sign                         cstackCOMMON 0075
___awmod                              text40       08F1
___awmod@counter                      cstackCOMMON 0074
___awmod@dividend                     cstackCOMMON 0072
___awmod@divisor                      cstackCOMMON 0070
___awmod@sign                         cstackCOMMON 0075
___fladd                              text31       03B8
___fladd@a                            cstackCOMMON 0074
___fladd@aexp                         cstackCOMMON 0079
___fladd@b                            cstackCOMMON 0070
___fladd@bexp                         cstackCOMMON 007A
___fladd@grs                          cstackCOMMON 007B
___fladd@signs                        cstackCOMMON 0078
___fldiv                              text36       0E23
___fldiv@a                            cstackBANK0  0040
___fldiv@aexp                         cstackBANK0  0059
___fldiv@b                            cstackBANK0  0044
___fldiv@bexp                         cstackBANK0  0058
___fldiv@grs                          cstackBANK0  0054
___fldiv@new_exp                      cstackBANK0  0052
___fldiv@rem                          cstackBANK0  004D
___fldiv@sign                         cstackBANK0  0051
___flge                               text8        0B1C
___flge@ff1                           cstackBANK3  019E
___flge@ff2                           cstackBANK3  01A2
___flmul                              text34       0057
___flmul@a                            cstackBANK0  002A
___flmul@aexp                         cstackBANK0  0038
___flmul@b                            cstackBANK0  0026
___flmul@bexp                         cstackBANK0  0039
___flmul@grs                          cstackBANK0  0034
___flmul@prod                         cstackBANK0  003A
___flmul@sign                         cstackBANK0  0033
___flmul@temp                         cstackBANK0  003E
___fltol                              text30       0A19
___fltol@exp1                         cstackCOMMON 0079
___fltol@f1                           cstackCOMMON 0070
___fltol@sign1                        cstackCOMMON 0078
___int_sp                             stack        0000
___latbits                            (abs)        0002
___lldiv                              text4        09B1
___lldiv@counter                      cstackBANK3  019D
___lldiv@dividend                     cstackBANK3  0194
___lldiv@divisor                      cstackBANK3  0190
___lldiv@quotient                     cstackBANK3  0199
___sp                                 stack        0000
___stackhi                            (abs)        0000
___stacklo                            (abs)        0000
___xxtofl                             text7        0C7C
___xxtofl@arg                         cstackBANK3  019A
___xxtofl@exp                         cstackBANK3  0199
___xxtofl@sign                        cstackBANK3  0198
___xxtofl@val                         cstackBANK3  0190
__end_of_ADC_INIT                     text19       1725
__end_of_ADC_Read                     text37       1615
__end_of_Buttons_INIT                 text18       15B5
__end_of_Disable_Display              text44       15B0
__end_of_Disable_Heating_and_Cooling  text43       15C0
__end_of_Display_Num                  text38       1748
__end_of_EEPROM_Read                  text10       089D
__end_of_EEPROM_Write                 text24       1706
__end_of_EX_Interrupt_INIT            text9        1675
__end_of_Heating_and_Cooling          text6        0E23
__end_of_Heating_and_Cooling_INIT     text5        15ED
__end_of_I2C_NACK                     text16       1652
__end_of_I2C_Read_Data                text15       16E7
__end_of_I2C_Start                    text14       15D8
__end_of_I2C_Stop                     text13       1631
__end_of_I2C_Write_Address            text12       169C
__end_of_I2C_Write_Data               text11       0800
__end_of_ISR                          text20       16B1
__end_of_ISR_CallBack                 text21       07E1
__end_of_Master_INIT                  text3        17CC
__end_of_SSD_INIT                     text2        15C6
__end_of_Select_Digit                 text42       176C
__end_of_Sense_Temp                   text32       08F1
__end_of_Seperate_Num                 text39       179A
__end_of_Timer_INIT                   text1        1663
__end_of_Wait_IdleState               text17       1607
__end_of__Umul8_16                    text35       0828
__end_of___awdiv                      text41       09B1
__end_of___awmod                      text40       094A
__end_of___fladd                      text31       064C
__end_of___fldiv                      text36       1000
__end_of___flge                       text8        0BC0
__end_of___flmul                      text34       03B8
__end_of___fltol                      text30       0A93
__end_of___lldiv                      text4        0A19
__end_of___xxtofl                     text7        0D38
__end_of__i1fptable                   functab      0057
__end_of__initialization              cinit        0049
__end_of_decrease_Temp                text23       1800
__end_of_increase_Temp                text22       085E
__end_of_main                         maintext     0B1C
__end_ofi1_I2C_Start                  text28       15CF
__end_ofi1_I2C_Stop                   text27       1623
__end_ofi1_I2C_Write_Address          text26       1641
__end_ofi1_I2C_Write_Data             text25       16CC
__end_ofi1_Wait_IdleState             text29       15FA
__end_ofi1___xxtofl                   text33       0C7C
__i1fptable                           functab      004E
__initialization                      cinit        0015
__pbssBANK0                           bssBANK0     006D
__pbssBANK1                           bssBANK1     00C8
__pcstackBANK0                        cstackBANK0  0020
__pcstackBANK1                        cstackBANK1  00A0
__pcstackBANK3                        cstackBANK3  0190
__pcstackCOMMON                       cstackCOMMON 0070
__pdataBANK0                          dataBANK0    0063
__pdataBANK1                          dataBANK1    00D4
__pdataBANK3                          dataBANK3    01B2
__pfunctab                            functab      004D
__pidataBANK0                         idataBANK0   15D8
__pidataBANK1                         idataBANK1   0003
__pidataBANK3                         idataBANK3   15B5
__pintentry                           intentry     0004
__pmaintext                           maintext     0A93
__pnvBANK1                            nvBANK1      00D3
__ptext1                              text1        1652
__ptext10                             text10       085E
__ptext11                             text11       07E1
__ptext12                             text12       1688
__ptext13                             text13       1623
__ptext14                             text14       15CF
__ptext15                             text15       16CC
__ptext16                             text16       1641
__ptext17                             text17       15FA
__ptext18                             text18       15B0
__ptext19                             text19       1706
__ptext2                              text2        15C0
__ptext20                             text20       169C
__ptext21                             text21       064C
__ptext22                             text22       0828
__ptext23                             text23       17CC
__ptext24                             text24       16E7
__ptext25                             text25       16B1
__ptext26                             text26       1631
__ptext27                             text27       1615
__ptext28                             text28       15C6
__ptext29                             text29       15ED
__ptext3                              text3        179A
__ptext30                             text30       0A19
__ptext31                             text31       03B8
__ptext32                             text32       089D
__ptext33                             text33       0BC0
__ptext34                             text34       0057
__ptext35                             text35       0801
__ptext36                             text36       0E23
__ptext37                             text37       1607
__ptext38                             text38       1725
__ptext39                             text39       176C
__ptext4                              text4        09B1
__ptext40                             text40       08F1
__ptext41                             text41       094A
__ptext42                             text42       1748
__ptext43                             text43       15BA
__ptext44                             text44       15AB
__ptext5                              text5        15E2
__ptext6                              text6        0D38
__ptext7                              text7        0C7C
__ptext8                              text8        0B1C
__ptext9                              text9        1663
__size_of_ADC_INIT                    (abs)        0000
__size_of_ADC_Read                    (abs)        0000
__size_of_Buttons_INIT                (abs)        0000
__size_of_Disable_Display             (abs)        0000
__size_of_Disable_Heating_and_Cooling (abs)        0000
__size_of_Display_Num                 (abs)        0000
__size_of_EEPROM_Read                 (abs)        0000
__size_of_EEPROM_Write                (abs)        0000
__size_of_EX_Interrupt_INIT           (abs)        0000
__size_of_Heating_and_Cooling         (abs)        0000
__size_of_Heating_and_Cooling_INIT    (abs)        0000
__size_of_I2C_NACK                    (abs)        0000
__size_of_I2C_Read_Data               (abs)        0000
__size_of_I2C_Start                   (abs)        0000
__size_of_I2C_Stop                    (abs)        0000
__size_of_I2C_Write_Address           (abs)        0000
__size_of_I2C_Write_Data              (abs)        0000
__size_of_ISR                         (abs)        0000
__size_of_ISR_CallBack                (abs)        0000
__size_of_Master_INIT                 (abs)        0000
__size_of_SSD_INIT                    (abs)        0000
__size_of_Select_Digit                (abs)        0000
__size_of_Sense_Temp                  (abs)        0000
__size_of_Seperate_Num                (abs)        0000
__size_of_Timer_INIT                  (abs)        0000
__size_of_Wait_IdleState              (abs)        0000
__size_of__Umul8_16                   (abs)        0000
__size_of___awdiv                     (abs)        0000
__size_of___awmod                     (abs)        0000
__size_of___fladd                     (abs)        0000
__size_of___fldiv                     (abs)        0000
__size_of___flge                      (abs)        0000
__size_of___flmul                     (abs)        0000
__size_of___fltol                     (abs)        0000
__size_of___lldiv                     (abs)        0000
__size_of___xxtofl                    (abs)        0000
__size_of__i1fptable                  (abs)        0000
__size_of_decrease_Temp               (abs)        0000
__size_of_increase_Temp               (abs)        0000
__size_of_main                        (abs)        0000
__size_ofi1_I2C_Start                 (abs)        0000
__size_ofi1_I2C_Stop                  (abs)        0000
__size_ofi1_I2C_Write_Address         (abs)        0000
__size_ofi1_I2C_Write_Data            (abs)        0000
__size_ofi1_Wait_IdleState            (abs)        0000
__size_ofi1___xxtofl                  (abs)        0000
_current_Temp                         dataBANK3    01B2
_decrease_Temp                        text23       17CC
_increase_Temp                        text22       0828
_main                                 maintext     0A93
btemp                                 (abs)        007E
end_of_initialization                 cinit        0049
fpbase                                (abs)        0000
fptable                               functab      004D
fptotal                               (abs)        0000
i1I2C_Write_Address@Address           cstackCOMMON 0070
i1I2C_Write_Data@Data                 cstackCOMMON 0070
i1_I2C_Start                          text28       15C6
i1_I2C_Stop                           text27       1615
i1_I2C_Write_Address                  text26       1631
i1_I2C_Write_Data                     text25       16B1
i1_Wait_IdleState                     text29       15ED
i1___xxtofl                           text33       0BC0
i1___xxtofl@arg                       cstackBANK0  0022
i1___xxtofl@exp                       cstackBANK0  0021
i1___xxtofl@sign                      cstackBANK0  0020
i1___xxtofl@val                       cstackCOMMON 0072
i1fpbase                              functab      0053
i1fptable                             functab      004E
i1fptotal                             (abs)        0002
init_fetch0                           inittext     1675
init_ram0                             inittext     1679
interrupt_function                    intentry     0004
intlevel0                             functab      004D
intlevel1                             functab      004D
intlevel2                             functab      004D
intlevel3                             functab      004D
intlevel4                             functab      004D
intlevel5                             functab      004D
reset_vec                             reset_vec    0000
saved_w                               (abs)        007E
start                                 init         0012
start_initialization                  cinit        0015
wtemp0                                (abs)        007E


FUNCTION INFORMATION:

 *************** function _main *****************
 Defined at:
		line 57 in file "main.c"
 Parameters:    Size  Location     Type
		None
 Auto vars:     Size  Location     Type
		None
 Return value:  Size  Location     Type
                  1    wreg      void 
 Registers used:
		wreg, fsr0l, fsr0h, status,2, status,0, btemp+1, pclath, cstack
 Tracked objects:
		On entry : 
		On exit  : 
		Unchanged: 
 Data sizes:     COMMON   BANK0   BANK1   BANK3   BANK2
      Params:         0       0       0       0       0
      Locals:         0       0       0       0       0
      Temps:          0       0       0       2       0
      Totals:         0       0       0       2       0
Total ram usage:        2 bytes
 Hardware stack levels required when called:    9
 This function calls:
		_ADC_INIT
		_Buttons_INIT
		_EEPROM_Read
		_EX_Interrupt_INIT
		_Heating_and_Cooling
		_Heating_and_Cooling_INIT
		_Master_INIT
		_SSD_INIT
		_Timer_INIT
 This function is called by:
		Startup code after reset
 This function uses a non-reentrant model


 *************** function _Timer_INIT *****************
 Defined at:
		line 12 in file "Timer.c"
 Parameters:    Size  Location     Type
		None
 Auto vars:     Size  Location     Type
		None
 Return value:  Size  Location     Type
                  1    wreg      void 
 Registers used:
		None
 Tracked objects:
		On entry : 
		On exit  : 
		Unchanged: 
 Data sizes:     COMMON   BANK0   BANK1   BANK3   BANK2
      Params:         0       0       0       0       0
      Locals:         0       0       0       0       0
      Temps:          0       0       0       0       0
      Totals:         0       0       0       0       0
Total ram usage:        0 bytes
 Hardware stack levels used:    1
 Hardware stack levels required when called:    6
 This function calls:
		Nothing
 This function is called by:
		_main
 This function uses a non-reentrant model


 *************** function _SSD_INIT *****************
 Defined at:
		line 14 in file "SSD.c"
 Parameters:    Size  Location     Type
		None
 Auto vars:     Size  Location     Type
		None
 Return value:  Size  Location     Type
                  1    wreg      void 
 Registers used:
		status,2
 Tracked objects:
		On entry : 
		On exit  : 
		Unchanged: 
 Data sizes:     COMMON   BANK0   BANK1   BANK3   BANK2
      Params:         0       0       0       0       0
      Locals:         0       0       0       0       0
      Temps:          0       0       0       0       0
      Totals:         0       0       0       0       0
Total ram usage:        0 bytes
 Hardware stack levels used:    1
 Hardware stack levels required when called:    6
 This function calls:
		Nothing
 This function is called by:
		_main
 This function uses a non-reentrant model


 *************** function _Master_INIT *****************
 Defined at:
		line 15 in file "I2C.c"
 Parameters:    Size  Location     Type
  I2C_BaudRate    4   14[BANK3 ] unsigned long 
 Auto vars:     Size  Location     Type
		None
 Return value:  Size  Location     Type
                  1    wreg      void 
 Registers used:
		wreg, status,2, status,0, btemp+1, pclath, cstack
 Tracked objects:
		On entry : 
		On exit  : 
		Unchanged: 
 Data sizes:     COMMON   BANK0   BANK1   BANK3   BANK2
      Params:         0       0       0       4       0
      Locals:         0       0       0       0       0
      Temps:          0       0       0       0       0
      Totals:         0       0       0       4       0
Total ram usage:        4 bytes
 Hardware stack levels used:    1
 Hardware stack levels required when called:    7
 This function calls:
		___lldiv
 This function is called by:
		_main
 This function uses a non-reentrant model


 *************** function ___lldiv *****************
 Defined at:
		line 5 in file "C:\Program Files\Microchip\xc8\v2.20\pic\sources\c90\common\__lldiv.c"
 Parameters:    Size  Location     Type
  divisor         4    0[BANK3 ] unsigned long 
  dividend        4    4[BANK3 ] unsigned long 
 Auto vars:     Size  Location     Type
  quotient        4    9[BANK3 ] unsigned long 
  counter         1   13[BANK3 ] unsigned char 
 Return value:  Size  Location     Type
                  4    0[BANK3 ] unsigned long 
 Registers used:
		wreg, status,2, status,0, btemp+1
 Tracked objects:
		On entry : 
		On exit  : 
		Unchanged: 
 Data sizes:     COMMON   BANK0   BANK1   BANK3   BANK2
      Params:         0       0       0       8       0
      Locals:         0       0       0       5       0
      Temps:          0       0       0       1       0
      Totals:         0       0       0      14       0
Total ram usage:       14 bytes
 Hardware stack levels used:    1
 Hardware stack levels required when called:    6
 This function calls:
		Nothing
 This function is called by:
		_Master_INIT
 This function uses a non-reentrant model


 *************** function _Heating_and_Cooling_INIT *****************
 Defined at:
		line 13 in file "HEATER_AND_COOLER.c"
 Parameters:    Size  Location     Type
		None
 Auto vars:     Size  Location     Type
		None
 Return value:  Size  Location     Type
                  1    wreg      void 
 Registers used:
		None
 Tracked objects:
		On entry : 
		On exit  : 
		Unchanged: 
 Data sizes:     COMMON   BANK0   BANK1   BANK3   BANK2
      Params:         0       0       0       0       0
      Locals:         0       0       0       0       0
      Temps:          0       0       0       0       0
      Totals:         0       0       0       0       0
Total ram usage:        0 bytes
 Hardware stack levels used:    1
 Hardware stack levels required when called:    6
 This function calls:
		Nothing
 This function is called by:
		_main
 This function uses a non-reentrant model


 *************** function _Heating_and_Cooling *****************
 Defined at:
		line 26 in file "HEATER_AND_COOLER.c"
 Parameters:    Size  Location     Type
  current_Temp    1    wreg     PTR float 
		 -> current_Temp(4), 
  Temperature     1   26[BANK3 ] PTR unsigned char 
		 -> Temperature(1), 
 Auto vars:     Size  Location     Type
  current_Temp    1   31[BANK3 ] PTR float 
		 -> current_Temp(4), 
 Return value:  Size  Location     Type
                  1    wreg      void 
 Registers used:
		wreg, fsr0l, fsr0h, status,2, status,0, btemp+1, pclath, cstack
 Tracked objects:
		On entry : 
		On exit  : 
		Unchanged: 
 Data sizes:     COMMON   BANK0   BANK1   BANK3   BANK2
      Params:         0       0       0       1       0
      Locals:         0       0       0       1       0
      Temps:          0       0       0       4       0
      Totals:         0       0       0       6       0
Total ram usage:        6 bytes
 Hardware stack levels used:    1
 Hardware stack levels required when called:    7
 This function calls:
		___flge
		___xxtofl
 This function is called by:
		_main
 This function uses a non-reentrant model


 *************** function ___xxtofl *****************
 Defined at:
		line 10 in file "C:\Program Files\Microchip\xc8\v2.20\pic\sources\c90\common\xxtofl.c"
 Parameters:    Size  Location     Type
  sign            1    wreg     unsigned char 
  val             4    0[BANK3 ] long 
 Auto vars:     Size  Location     Type
  sign            1    8[BANK3 ] unsigned char 
  arg             4   10[BANK3 ] unsigned long 
  exp             1    9[BANK3 ] unsigned char 
 Return value:  Size  Location     Type
                  4    0[BANK3 ] unsigned char 
 Registers used:
		wreg, status,2, status,0, btemp+1
 Tracked objects:
		On entry : 
		On exit  : 
		Unchanged: 
 Data sizes:     COMMON   BANK0   BANK1   BANK3   BANK2
      Params:         0       0       0       4       0
      Locals:         0       0       0       6       0
      Temps:          0       0       0       4       0
      Totals:         0       0       0      14       0
Total ram usage:       14 bytes
 Hardware stack levels used:    1
 Hardware stack levels required when called:    6
 This function calls:
		Nothing
 This function is called by:
		_Heating_and_Cooling
 This function uses a non-reentrant model


 *************** function ___flge *****************
 Defined at:
		line 4 in file "C:\Program Files\Microchip\xc8\v2.20\pic\sources\c90\common\flge.c"
 Parameters:    Size  Location     Type
  ff1             4   14[BANK3 ] unsigned char 
  ff2             4   18[BANK3 ] unsigned char 
 Auto vars:     Size  Location     Type
		None
 Return value:  Size  Location     Type
		None               void
 Registers used:
		wreg, status,2, status,0
 Tracked objects:
		On entry : 
		On exit  : 
		Unchanged: 
 Data sizes:     COMMON   BANK0   BANK1   BANK3   BANK2
      Params:         0       0       0       8       0
      Locals:         0       0       0       0       0
      Temps:          0       0       0       4       0
      Totals:         0       0       0      12       0
Total ram usage:       12 bytes
 Hardware stack levels used:    1
 Hardware stack levels required when called:    6
 This function calls:
		Nothing
 This function is called by:
		_Heating_and_Cooling
 This function uses a non-reentrant model


 *************** function _EX_Interrupt_INIT *****************
 Defined at:
		line 14 in file "EX_INT.c"
 Parameters:    Size  Location     Type
  PtrToFunc       1    wreg     PTR FTN()void 
		 -> ISR_CallBack(1), 
 Auto vars:     Size  Location     Type
  PtrToFunc       1    0[BANK3 ] PTR FTN()void 
		 -> ISR_CallBack(1), 
 Return value:  Size  Location     Type
                  1    wreg      void 
 Registers used:
		wreg, btemp+1
 Tracked objects:
		On entry : 
		On exit  : 
		Unchanged: 
 Data sizes:     COMMON   BANK0   BANK1   BANK3   BANK2
      Params:         0       0       0       0       0
      Locals:         0       0       0       1       0
      Temps:          0       0       0       0       0
      Totals:         0       0       0       1       0
Total ram usage:        1 bytes
 Hardware stack levels used:    1
 Hardware stack levels required when called:    6
 This function calls:
		Nothing
 This function is called by:
		_main
 This function uses a non-reentrant model


 *************** function _EEPROM_Read *****************
 Defined at:
		line 28 in file "EX_EEPROM.c"
 Parameters:    Size  Location     Type
  page            1    wreg     unsigned char 
  address         1    1[BANK3 ] unsigned char 
  Data            1    2[BANK3 ] PTR unsigned char 
		 -> Temperature(1), 
 Auto vars:     Size  Location     Type
  page            1    3[BANK3 ] unsigned char 
 Return value:  Size  Location     Type
                  1    wreg      void 
 Registers used:
		wreg, fsr0l, fsr0h, status,2, status,0, btemp+1, pclath, cstack
 Tracked objects:
		On entry : 
		On exit  : 
		Unchanged: 
 Data sizes:     COMMON   BANK0   BANK1   BANK3   BANK2
      Params:         0       0       0       2       0
      Locals:         0       0       0       1       0
      Temps:          0       0       0       0       0
      Totals:         0       0       0       3       0
Total ram usage:        3 bytes
 Hardware stack levels used:    1
 Hardware stack levels required when called:    8
 This function calls:
		_I2C_NACK
		_I2C_Read_Data
		_I2C_Start
		_I2C_Stop
		_I2C_Write_Address
		_I2C_Write_Data
 This function is called by:
		_main
 This function uses a non-reentrant model


 *************** function _I2C_Write_Data *****************
 Defined at:
		line 60 in file "I2C.c"
 Parameters:    Size  Location     Type
  Data            1    wreg     unsigned char 
 Auto vars:     Size  Location     Type
  Data            1    0[BANK3 ] unsigned char 
 Return value:  Size  Location     Type
                  1    wreg      void 
 Registers used:
		wreg, status,2, status,0, pclath, cstack
 Tracked objects:
		On entry : 
		On exit  : 
		Unchanged: 
 Data sizes:     COMMON   BANK0   BANK1   BANK3   BANK2
      Params:         0       0       0       0       0
      Locals:         0       0       0       1       0
      Temps:          0       0       0       0       0
      Totals:         0       0       0       1       0
Total ram usage:        1 bytes
 Hardware stack levels used:    1
 Hardware stack levels required when called:    7
 This function calls:
		_Wait_IdleState
 This function is called by:
		_EEPROM_Read
		_EEPROM_Write_Page
		_EEPROM_Read_Page
 This function uses a non-reentrant model


 *************** function _I2C_Write_Address *****************
 Defined at:
		line 54 in file "I2C.c"
 Parameters:    Size  Location     Type
  Address         1    wreg     unsigned char 
 Auto vars:     Size  Location     Type
  Address         1    0[BANK3 ] unsigned char 
 Return value:  Size  Location     Type
                  1    wreg      void 
 Registers used:
		wreg, status,2, status,0, pclath, cstack
 Tracked objects:
		On entry : 
		On exit  : 
		Unchanged: 
 Data sizes:     COMMON   BANK0   BANK1   BANK3   BANK2
      Params:         0       0       0       0       0
      Locals:         0       0       0       1       0
      Temps:          0       0       0       0       0
      Totals:         0       0       0       1       0
Total ram usage:        1 bytes
 Hardware stack levels used:    1
 Hardware stack levels required when called:    7
 This function calls:
		_Wait_IdleState
 This function is called by:
		_EEPROM_Read
		_EEPROM_Write_Page
		_EEPROM_Read_Page
 This function uses a non-reentrant model


 *************** function _I2C_Stop *****************
 Defined at:
		line 34 in file "I2C.c"
 Parameters:    Size  Location     Type
		None
 Auto vars:     Size  Location     Type
		None
 Return value:  Size  Location     Type
                  1    wreg      void 
 Registers used:
		wreg, status,2, status,0, pclath, cstack
 Tracked objects:
		On entry : 
		On exit  : 
		Unchanged: 
 Data sizes:     COMMON   BANK0   BANK1   BANK3   BANK2
      Params:         0       0       0       0       0
      Locals:         0       0       0       0       0
      Temps:          0       0       0       0       0
      Totals:         0       0       0       0       0
Total ram usage:        0 bytes
 Hardware stack levels used:    1
 Hardware stack levels required when called:    7
 This function calls:
		_Wait_IdleState
 This function is called by:
		_EEPROM_Read
		_EEPROM_Write_Page
		_EEPROM_Read_Page
 This function uses a non-reentrant model


 *************** function _I2C_Start *****************
 Defined at:
		line 24 in file "I2C.c"
 Parameters:    Size  Location     Type
		None
 Auto vars:     Size  Location     Type
		None
 Return value:  Size  Location     Type
                  1    wreg      void 
 Registers used:
		wreg, status,2, status,0, pclath, cstack
 Tracked objects:
		On entry : 
		On exit  : 
		Unchanged: 
 Data sizes:     COMMON   BANK0   BANK1   BANK3   BANK2
      Params:         0       0       0       0       0
      Locals:         0       0       0       0       0
      Temps:          0       0       0       0       0
      Totals:         0       0       0       0       0
Total ram usage:        0 bytes
 Hardware stack levels used:    1
 Hardware stack levels required when called:    7
 This function calls:
		_Wait_IdleState
 This function is called by:
		_EEPROM_Read
		_EEPROM_Write_Page
		_EEPROM_Read_Page
 This function uses a non-reentrant model


 *************** function _I2C_Read_Data *****************
 Defined at:
		line 70 in file "I2C.c"
 Parameters:    Size  Location     Type
		None
 Auto vars:     Size  Location     Type
		None
 Return value:  Size  Location     Type
                  1    wreg      unsigned char 
 Registers used:
		wreg, status,2, status,0, pclath, cstack
 Tracked objects:
		On entry : 
		On exit  : 
		Unchanged: 
 Data sizes:     COMMON   BANK0   BANK1   BANK3   BANK2
      Params:         0       0       0       0       0
      Locals:         0       0       0       0       0
      Temps:          0       0       0       0       0
      Totals:         0       0       0       0       0
Total ram usage:        0 bytes
 Hardware stack levels used:    1
 Hardware stack levels required when called:    7
 This function calls:
		_Wait_IdleState
 This function is called by:
		_EEPROM_Read
		_EEPROM_Read_Page
 This function uses a non-reentrant model


 *************** function _I2C_NACK *****************
 Defined at:
		line 47 in file "I2C.c"
 Parameters:    Size  Location     Type
		None
 Auto vars:     Size  Location     Type
		None
 Return value:  Size  Location     Type
                  1    wreg      void 
 Registers used:
		wreg, status,2, status,0, pclath, cstack
 Tracked objects:
		On entry : 
		On exit  : 
		Unchanged: 
 Data sizes:     COMMON   BANK0   BANK1   BANK3   BANK2
      Params:         0       0       0       0       0
      Locals:         0       0       0       0       0
      Temps:          0       0       0       0       0
      Totals:         0       0       0       0       0
Total ram usage:        0 bytes
 Hardware stack levels used:    1
 Hardware stack levels required when called:    7
 This function calls:
		_Wait_IdleState
 This function is called by:
		_EEPROM_Read
		_EEPROM_Read_Page
 This function uses a non-reentrant model


 *************** function _Wait_IdleState *****************
 Defined at:
		line 11 in file "I2C.c"
 Parameters:    Size  Location     Type
		None
 Auto vars:     Size  Location     Type
		None
 Return value:  Size  Location     Type
                  1    wreg      void 
 Registers used:
		wreg, status,2
 Tracked objects:
		On entry : 
		On exit  : 
		Unchanged: 
 Data sizes:     COMMON   BANK0   BANK1   BANK3   BANK2
      Params:         0       0       0       0       0
      Locals:         0       0       0       0       0
      Temps:          0       0       0       0       0
      Totals:         0       0       0       0       0
Total ram usage:        0 bytes
 Hardware stack levels used:    1
 Hardware stack levels required when called:    6
 This function calls:
		Nothing
 This function is called by:
		_I2C_Start
		_I2C_Stop
		_I2C_NACK
		_I2C_Write_Address
		_I2C_Write_Data
		_I2C_Read_Data
		_I2C_Repeated_Start
		_I2C_ACK
 This function uses a non-reentrant model


 *************** function _Buttons_INIT *****************
 Defined at:
		line 12 in file "BUTTONS.c"
 Parameters:    Size  Location     Type
		None
 Auto vars:     Size  Location     Type
		None
 Return value:  Size  Location     Type
                  1    wreg      void 
 Registers used:
		None
 Tracked objects:
		On entry : 
		On exit  : 
		Unchanged: 
 Data sizes:     COMMON   BANK0   BANK1   BANK3   BANK2
      Params:         0       0       0       0       0
      Locals:         0       0       0       0       0
      Temps:          0       0       0       0       0
      Totals:         0       0       0       0       0
Total ram usage:        0 bytes
 Hardware stack levels used:    1
 Hardware stack levels required when called:    6
 This function calls:
		Nothing
 This function is called by:
		_main
 This function uses a non-reentrant model


 *************** function _ADC_INIT *****************
 Defined at:
		line 11 in file "ADC.c"
 Parameters:    Size  Location     Type
		None
 Auto vars:     Size  Location     Type
		None
 Return value:  Size  Location     Type
                  1    wreg      void 
 Registers used:
		wreg
 Tracked objects:
		On entry : 
		On exit  : 
		Unchanged: 
 Data sizes:     COMMON   BANK0   BANK1   BANK3   BANK2
      Params:         0       0       0       0       0
      Locals:         0       0       0       0       0
      Temps:          0       0       0       1       0
      Totals:         0       0       0       1       0
Total ram usage:        1 bytes
 Hardware stack levels used:    1
 Hardware stack levels required when called:    6
 This function calls:
		Nothing
 This function is called by:
		_main
 This function uses a non-reentrant model


 *************** function _ISR *****************
 Defined at:
		line 23 in file "EX_INT.c"
 Parameters:    Size  Location     Type
		None
 Auto vars:     Size  Location     Type
		None
 Return value:  Size  Location     Type
                  1    wreg      void 
 Registers used:
		wreg, fsr0l, fsr0h, status,2, status,0, btemp+1, pclath, cstack
 Tracked objects:
		On entry : 
		On exit  : 
		Unchanged: 
 Data sizes:     COMMON   BANK0   BANK1   BANK3   BANK2
      Params:         0       0       0       0       0
      Locals:         0       0       0       0       0
      Temps:          0       4       0       0       0
      Totals:         0       4       0       0       0
Total ram usage:        4 bytes
 Hardware stack levels used:    1
 Hardware stack levels required when called:    5
 This function calls:
		Absolute function
		_ISR_CallBack
 This function is called by:
		Interrupt level 1
 This function uses a non-reentrant model


 *************** function _ISR_CallBack *****************
 Defined at:
		line 155 in file "main.c"
 Parameters:    Size  Location     Type
		None
 Auto vars:     Size  Location     Type
  Temp_average   40    0[BANK1 ] float [10]
 Return value:  Size  Location     Type
                  1    wreg      void 
 Registers used:
		wreg, fsr0l, fsr0h, status,2, status,0, btemp+1, pclath, cstack
 Tracked objects:
		On entry : 
		On exit  : 
		Unchanged: 
 Data sizes:     COMMON   BANK0   BANK1   BANK3   BANK2
      Params:         0       0       0       0       0
      Locals:         0       0      40       0       0
      Temps:          0       1       0       0       0
      Totals:         0       1      40       0       0
Total ram usage:       41 bytes
 Hardware stack levels used:    1
 Hardware stack levels required when called:    4
 This function calls:
		_Disable_Display
		_Disable_Heating_and_Cooling
		_Display_Num
		_Sense_Temp
		___fladd
		___fldiv
		___fltol
		_decrease_Temp
		_increase_Temp
 This function is called by:
		_main
		_ISR
 This function uses a non-reentrant model


 *************** function _increase_Temp *****************
 Defined at:
		line 119 in file "main.c"
 Parameters:    Size  Location     Type
		None
 Auto vars:     Size  Location     Type
		None
 Return value:  Size  Location     Type
                  1    wreg      void 
 Registers used:
		wreg, status,2, status,0, btemp+1, pclath, cstack
 Tracked objects:
		On entry : 
		On exit  : 
		Unchanged: 
 Data sizes:     COMMON   BANK0   BANK1   BANK3   BANK2
      Params:         0       0       0       0       0
      Locals:         0       0       0       0       0
      Temps:          0       0       0       0       0
      Totals:         0       0       0       0       0
Total ram usage:        0 bytes
 Hardware stack levels used:    1
 Hardware stack levels required when called:    3
 This function calls:
		_EEPROM_Write
 This function is called by:
		_ISR_CallBack
 This function uses a non-reentrant model


 *************** function _decrease_Temp *****************
 Defined at:
		line 102 in file "main.c"
 Parameters:    Size  Location     Type
		None
 Auto vars:     Size  Location     Type
		None
 Return value:  Size  Location     Type
                  1    wreg      void 
 Registers used:
		wreg, status,2, status,0, btemp+1, pclath, cstack
 Tracked objects:
		On entry : 
		On exit  : 
		Unchanged: 
 Data sizes:     COMMON   BANK0   BANK1   BANK3   BANK2
      Params:         0       0       0       0       0
      Locals:         0       0       0       0       0
      Temps:          0       0       0       0       0
      Totals:         0       0       0       0       0
Total ram usage:        0 bytes
 Hardware stack levels used:    1
 Hardware stack levels required when called:    3
 This function calls:
		_EEPROM_Write
 This function is called by:
		_ISR_CallBack
 This function uses a non-reentrant model


 *************** function _EEPROM_Write *****************
 Defined at:
		line 19 in file "EX_EEPROM.c"
 Parameters:    Size  Location     Type
  page            1    wreg     unsigned char 
  address         1    1[COMMON] unsigned char 
  Data            1    2[COMMON] unsigned char 
 Auto vars:     Size  Location     Type
  page            1    3[COMMON] unsigned char 
 Return value:  Size  Location     Type
                  1    wreg      void 
 Registers used:
		wreg, status,2, status,0, pclath, cstack
 Tracked objects:
		On entry : 
		On exit  : 
		Unchanged: 
 Data sizes:     COMMON   BANK0   BANK1   BANK3   BANK2
      Params:         2       0       0       0       0
      Locals:         1       0       0       0       0
      Temps:          0       0       0       0       0
      Totals:         3       0       0       0       0
Total ram usage:        3 bytes
 Hardware stack levels used:    1
 Hardware stack levels required when called:    2
 This function calls:
		i1_I2C_Start
		i1_I2C_Stop
		i1_I2C_Write_Address
		i1_I2C_Write_Data
 This function is called by:
		_decrease_Temp
		_increase_Temp
 This function uses a non-reentrant model


 *************** function i1_I2C_Write_Data *****************
 Defined at:
		line 60 in file "I2C.c"
 Parameters:    Size  Location     Type
  Data            1    wreg     unsigned char 
 Auto vars:     Size  Location     Type
  Data            1    0[COMMON] unsigned char 
 Return value:  Size  Location     Type
                  1    wreg      void 
 Registers used:
		wreg, status,2, status,0, pclath, cstack
 Tracked objects:
		On entry : 
		On exit  : 
		Unchanged: 
 Data sizes:     COMMON   BANK0   BANK1   BANK3   BANK2
      Params:         0       0       0       0       0
      Locals:         1       0       0       0       0
      Temps:          0       0       0       0       0
      Totals:         1       0       0       0       0
Total ram usage:        1 bytes
 Hardware stack levels used:    1
 Hardware stack levels required when called:    1
 This function calls:
		i1_Wait_IdleState
 This function is called by:
		_EEPROM_Write
 This function uses a non-reentrant model


 *************** function i1_I2C_Write_Address *****************
 Defined at:
		line 54 in file "I2C.c"
 Parameters:    Size  Location     Type
  Address         1    wreg     unsigned char 
 Auto vars:     Size  Location     Type
  Address         1    0[COMMON] unsigned char 
 Return value:  Size  Location     Type
                  1    wreg      void 
 Registers used:
		wreg, status,2, status,0, pclath, cstack
 Tracked objects:
		On entry : 
		On exit  : 
		Unchanged: 
 Data sizes:     COMMON   BANK0   BANK1   BANK3   BANK2
      Params:         0       0       0       0       0
      Locals:         1       0       0       0       0
      Temps:          0       0       0       0       0
      Totals:         1       0       0       0       0
Total ram usage:        1 bytes
 Hardware stack levels used:    1
 Hardware stack levels required when called:    1
 This function calls:
		i1_Wait_IdleState
 This function is called by:
		_EEPROM_Write
 This function uses a non-reentrant model


 *************** function i1_I2C_Stop *****************
 Defined at:
		line 34 in file "I2C.c"
 Parameters:    Size  Location     Type
		None
 Auto vars:     Size  Location     Type
		None
 Return value:  Size  Location     Type
                  1    wreg      void 
 Registers used:
		wreg, status,2, status,0, pclath, cstack
 Tracked objects:
		On entry : 
		On exit  : 
		Unchanged: 
 Data sizes:     COMMON   BANK0   BANK1   BANK3   BANK2
      Params:         0       0       0       0       0
      Locals:         0       0       0       0       0
      Temps:          0       0       0       0       0
      Totals:         0       0       0       0       0
Total ram usage:        0 bytes
 Hardware stack levels used:    1
 Hardware stack levels required when called:    1
 This function calls:
		i1_Wait_IdleState
 This function is called by:
		_EEPROM_Write
 This function uses a non-reentrant model


 *************** function i1_I2C_Start *****************
 Defined at:
		line 24 in file "I2C.c"
 Parameters:    Size  Location     Type
		None
 Auto vars:     Size  Location     Type
		None
 Return value:  Size  Location     Type
                  1    wreg      void 
 Registers used:
		wreg, status,2, status,0, pclath, cstack
 Tracked objects:
		On entry : 
		On exit  : 
		Unchanged: 
 Data sizes:     COMMON   BANK0   BANK1   BANK3   BANK2
      Params:         0       0       0       0       0
      Locals:         0       0       0       0       0
      Temps:          0       0       0       0       0
      Totals:         0       0       0       0       0
Total ram usage:        0 bytes
 Hardware stack levels used:    1
 Hardware stack levels required when called:    1
 This function calls:
		i1_Wait_IdleState
 This function is called by:
		_EEPROM_Write
 This function uses a non-reentrant model


 *************** function i1_Wait_IdleState *****************
 Defined at:
		line 11 in file "I2C.c"
 Parameters:    Size  Location     Type
		None
 Auto vars:     Size  Location     Type
		None
 Return value:  Size  Location     Type
                  1    wreg      void 
 Registers used:
		wreg, status,2
 Tracked objects:
		On entry : 
		On exit  : 
		Unchanged: 
 Data sizes:     COMMON   BANK0   BANK1   BANK3   BANK2
      Params:         0       0       0       0       0
      Locals:         0       0       0       0       0
      Temps:          0       0       0       0       0
      Totals:         0       0       0       0       0
Total ram usage:        0 bytes
 Hardware stack levels used:    1
 This function calls:
		Nothing
 This function is called by:
		i1_I2C_Start
		i1_I2C_Stop
		i1_I2C_Write_Address
		i1_I2C_Write_Data
 This function uses a non-reentrant model


 *************** function ___fltol *****************
 Defined at:
		line 43 in file "C:\Program Files\Microchip\xc8\v2.20\pic\sources\c90\common\fltol.c"
 Parameters:    Size  Location     Type
  f1              4    0[COMMON] void 
 Auto vars:     Size  Location     Type
  exp1            1    9[COMMON] unsigned char 
  sign1           1    8[COMMON] unsigned char 
 Return value:  Size  Location     Type
                  4    0[COMMON] long 
 Registers used:
		wreg, status,2, status,0, btemp+1
 Tracked objects:
		On entry : 
		On exit  : 
		Unchanged: 
 Data sizes:     COMMON   BANK0   BANK1   BANK3   BANK2
      Params:         4       0       0       0       0
      Locals:         2       0       0       0       0
      Temps:          4       0       0       0       0
      Totals:        10       0       0       0       0
Total ram usage:       10 bytes
 Hardware stack levels used:    1
 This function calls:
		Nothing
 This function is called by:
		_ISR_CallBack
 This function uses a non-reentrant model


 *************** function ___fladd *****************
 Defined at:
		line 10 in file "C:\Program Files\Microchip\xc8\v2.20\pic\sources\c90\common\sprcadd.c"
 Parameters:    Size  Location     Type
  b               4    0[COMMON] long 
  a               4    4[COMMON] long 
 Auto vars:     Size  Location     Type
  grs             1   11[COMMON] unsigned char 
  bexp            1   10[COMMON] unsigned char 
  aexp            1    9[COMMON] unsigned char 
  signs           1    8[COMMON] unsigned char 
 Return value:  Size  Location     Type
                  4    0[COMMON] unsigned char 
 Registers used:
		wreg, status,2, status,0, btemp+1
 Tracked objects:
		On entry : 
		On exit  : 
		Unchanged: 
 Data sizes:     COMMON   BANK0   BANK1   BANK3   BANK2
      Params:         8       0       0       0       0
      Locals:         4       0       0       0       0
      Temps:          0       8       0       0       0
      Totals:        12       8       0       0       0
Total ram usage:       20 bytes
 Hardware stack levels used:    1
 This function calls:
		Nothing
 This function is called by:
		_ISR_CallBack
 This function uses a non-reentrant model


 *************** function _Sense_Temp *****************
 Defined at:
		line 17 in file "TEMP_SENSOR.c"
 Parameters:    Size  Location     Type
		None
 Auto vars:     Size  Location     Type
		None
 Return value:  Size  Location     Type
                  4   58[BANK0 ] float 
 Registers used:
		wreg, status,2, status,0, btemp+1, pclath, cstack
 Tracked objects:
		On entry : 
		On exit  : 
		Unchanged: 
 Data sizes:     COMMON   BANK0   BANK1   BANK3   BANK2
      Params:         0       4       0       0       0
      Locals:         0       0       0       0       0
      Temps:          4       0       0       0       0
      Totals:         4       4       0       0       0
Total ram usage:        8 bytes
 Hardware stack levels used:    1
 Hardware stack levels required when called:    2
 This function calls:
		_ADC_Read
		___fldiv
		___flmul
		i1___xxtofl
 This function is called by:
		_ISR_CallBack
 This function uses a non-reentrant model


 *************** function i1___xxtofl *****************
 Defined at:
		line 10 in file "C:\Program Files\Microchip\xc8\v2.20\pic\sources\c90\common\xxtofl.c"
 Parameters:    Size  Location     Type
  sign            1    wreg     unsigned char 
  val             4    2[COMMON] long 
 Auto vars:     Size  Location     Type
  sign            1    0[BANK0 ] unsigned char 
  arg             4    2[BANK0 ] unsigned long 
  exp             1    1[BANK0 ] unsigned char 
 Return value:  Size  Location     Type
                  4    2[COMMON] unsigned char 
 Registers used:
		wreg, status,2, status,0, btemp+1
 Tracked objects:
		On entry : 
		On exit  : 
		Unchanged: 
 Data sizes:     COMMON   BANK0   BANK1   BANK3   BANK2
      Params:         4       0       0       0       0
      Locals:         0       6       0       0       0
      Temps:          4       0       0       0       0
      Totals:         8       6       0       0       0
Total ram usage:       14 bytes
 Hardware stack levels used:    1
 This function calls:
		Nothing
 This function is called by:
		_Sense_Temp
 This function uses a non-reentrant model


 *************** function ___flmul *****************
 Defined at:
		line 8 in file "C:\Program Files\Microchip\xc8\v2.20\pic\sources\c90\common\sprcmul.c"
 Parameters:    Size  Location     Type
  b               4    6[BANK0 ] unsigned char 
  a               4   10[BANK0 ] unsigned char 
 Auto vars:     Size  Location     Type
  prod            4   26[BANK0 ] struct .
  grs             4   20[BANK0 ] unsigned long 
  temp            2   30[BANK0 ] struct .
  bexp            1   25[BANK0 ] unsigned char 
  aexp            1   24[BANK0 ] unsigned char 
  sign            1   19[BANK0 ] unsigned char 
 Return value:  Size  Location     Type
                  4    6[BANK0 ] unsigned char 
 Registers used:
		wreg, status,2, status,0, btemp+1, pclath, cstack
 Tracked objects:
		On entry : 
		On exit  : 
		Unchanged: 
 Data sizes:     COMMON   BANK0   BANK1   BANK3   BANK2
      Params:         0       8       0       0       0
      Locals:         0      13       0       0       0
      Temps:          0       5       0       0       0
      Totals:         0      26       0       0       0
Total ram usage:       26 bytes
 Hardware stack levels used:    1
 Hardware stack levels required when called:    1
 This function calls:
		__Umul8_16
 This function is called by:
		_Sense_Temp
 This function uses a non-reentrant model


 *************** function __Umul8_16 *****************
 Defined at:
		line 4 in file "C:\Program Files\Microchip\xc8\v2.20\pic\sources\c90\common\Umul8_16.c"
 Parameters:    Size  Location     Type
  multiplier      1    wreg     unsigned char 
  multiplicand    1    0[COMMON] unsigned char 
 Auto vars:     Size  Location     Type
  multiplier      1    8[COMMON] unsigned char 
  word_mpld       2    6[COMMON] unsigned int 
  product         2    4[COMMON] unsigned int 
 Return value:  Size  Location     Type
                  2    0[COMMON] unsigned int 
 Registers used:
		wreg, status,2, status,0
 Tracked objects:
		On entry : 
		On exit  : 
		Unchanged: 
 Data sizes:     COMMON   BANK0   BANK1   BANK3   BANK2
      Params:         2       0       0       0       0
      Locals:         5       0       0       0       0
      Temps:          2       0       0       0       0
      Totals:         9       0       0       0       0
Total ram usage:        9 bytes
 Hardware stack levels used:    1
 This function calls:
		Nothing
 This function is called by:
		___flmul
 This function uses a non-reentrant model


 *************** function ___fldiv *****************
 Defined at:
		line 8 in file "C:\Program Files\Microchip\xc8\v2.20\pic\sources\c90\common\sprcdiv.c"
 Parameters:    Size  Location     Type
  a               4   32[BANK0 ] unsigned int 
  b               4   36[BANK0 ] unsigned int 
 Auto vars:     Size  Location     Type
  grs             4   52[BANK0 ] unsigned long 
  rem             4   45[BANK0 ] unsigned long 
  new_exp         2   50[BANK0 ] int 
  aexp            1   57[BANK0 ] unsigned char 
  bexp            1   56[BANK0 ] unsigned char 
  sign            1   49[BANK0 ] unsigned char 
 Return value:  Size  Location     Type
                  4   32[BANK0 ] unsigned char 
 Registers used:
		wreg, status,2, status,0, btemp+1
 Tracked objects:
		On entry : 
		On exit  : 
		Unchanged: 
 Data sizes:     COMMON   BANK0   BANK1   BANK3   BANK2
      Params:         0       8       0       0       0
      Locals:         0      13       0       0       0
      Temps:          0       5       0       0       0
      Totals:         0      26       0       0       0
Total ram usage:       26 bytes
 Hardware stack levels used:    1
 This function calls:
		Nothing
 This function is called by:
		_ISR_CallBack
		_Sense_Temp
 This function uses a non-reentrant model


 *************** function _ADC_Read *****************
 Defined at:
		line 21 in file "ADC.c"
 Parameters:    Size  Location     Type
		None
 Auto vars:     Size  Location     Type
		None
 Return value:  Size  Location     Type
                  2    0[COMMON] unsigned short 
 Registers used:
		wreg
 Tracked objects:
		On entry : 
		On exit  : 
		Unchanged: 
 Data sizes:     COMMON   BANK0   BANK1   BANK3   BANK2
      Params:         2       0       0       0       0
      Locals:         0       0       0       0       0
      Temps:          0       0       0       0       0
      Totals:         2       0       0       0       0
Total ram usage:        2 bytes
 Hardware stack levels used:    1
 This function calls:
		Nothing
 This function is called by:
		_Sense_Temp
 This function uses a non-reentrant model


 *************** function _Display_Num *****************
 Defined at:
		line 52 in file "SSD.c"
 Parameters:    Size  Location     Type
  Temp            1    wreg     unsigned char 
 Auto vars:     Size  Location     Type
  Temp            1   11[COMMON] unsigned char 
 Return value:  Size  Location     Type
                  1    wreg      void 
 Registers used:
		wreg, fsr0l, fsr0h, status,2, status,0, btemp+1, pclath, cstack
 Tracked objects:
		On entry : 
		On exit  : 
		Unchanged: 
 Data sizes:     COMMON   BANK0   BANK1   BANK3   BANK2
      Params:         0       0       0       0       0
      Locals:         1       0       0       0       0
      Temps:          0       0       0       0       0
      Totals:         1       0       0       0       0
Total ram usage:        1 bytes
 Hardware stack levels used:    1
 Hardware stack levels required when called:    2
 This function calls:
		_Select_Digit
		_Seperate_Num
 This function is called by:
		_ISR_CallBack
 This function uses a non-reentrant model


 *************** function _Seperate_Num *****************
 Defined at:
		line 28 in file "SSD.c"
 Parameters:    Size  Location     Type
  Num             1    wreg     unsigned char 
 Auto vars:     Size  Location     Type
  Num             1   10[COMMON] unsigned char 
 Return value:  Size  Location     Type
                  1    wreg      void 
 Registers used:
		wreg, status,2, status,0, btemp+1, pclath, cstack
 Tracked objects:
		On entry : 
		On exit  : 
		Unchanged: 
 Data sizes:     COMMON   BANK0   BANK1   BANK3   BANK2
      Params:         0       0       0       0       0
      Locals:         1       0       0       0       0
      Temps:          2       0       0       0       0
      Totals:         3       0       0       0       0
Total ram usage:        3 bytes
 Hardware stack levels used:    1
 Hardware stack levels required when called:    1
 This function calls:
		___awdiv
		___awmod
 This function is called by:
		_Display_Num
 This function uses a non-reentrant model


 *************** function ___awmod *****************
 Defined at:
		line 5 in file "C:\Program Files\Microchip\xc8\v2.20\pic\sources\c90\common\awmod.c"
 Parameters:    Size  Location     Type
  divisor         2    0[COMMON] int 
  dividend        2    2[COMMON] int 
 Auto vars:     Size  Location     Type
  sign            1    5[COMMON] unsigned char 
  counter         1    4[COMMON] unsigned char 
 Return value:  Size  Location     Type
                  2    0[COMMON] int 
 Registers used:
		wreg, status,2, status,0, btemp+1
 Tracked objects:
		On entry : 
		On exit  : 
		Unchanged: 
 Data sizes:     COMMON   BANK0   BANK1   BANK3   BANK2
      Params:         4       0       0       0       0
      Locals:         2       0       0       0       0
      Temps:          0       0       0       0       0
      Totals:         6       0       0       0       0
Total ram usage:        6 bytes
 Hardware stack levels used:    1
 This function calls:
		Nothing
 This function is called by:
		_Seperate_Num
 This function uses a non-reentrant model


 *************** function ___awdiv *****************
 Defined at:
		line 5 in file "C:\Program Files\Microchip\xc8\v2.20\pic\sources\c90\common\awdiv.c"
 Parameters:    Size  Location     Type
  divisor         2    0[COMMON] int 
  dividend        2    2[COMMON] int 
 Auto vars:     Size  Location     Type
  quotient        2    6[COMMON] int 
  sign            1    5[COMMON] unsigned char 
  counter         1    4[COMMON] unsigned char 
 Return value:  Size  Location     Type
                  2    0[COMMON] int 
 Registers used:
		wreg, status,2, status,0, btemp+1
 Tracked objects:
		On entry : 
		On exit  : 
		Unchanged: 
 Data sizes:     COMMON   BANK0   BANK1   BANK3   BANK2
      Params:         4       0       0       0       0
      Locals:         4       0       0       0       0
      Temps:          0       0       0       0       0
      Totals:         8       0       0       0       0
Total ram usage:        8 bytes
 Hardware stack levels used:    1
 This function calls:
		Nothing
 This function is called by:
		_Seperate_Num
 This function uses a non-reentrant model


 *************** function _Select_Digit *****************
 Defined at:
		line 35 in file "SSD.c"
 Parameters:    Size  Location     Type
  Digit           1    wreg     unsigned char 
 Auto vars:     Size  Location     Type
  Digit           1    2[COMMON] unsigned char 
 Return value:  Size  Location     Type
                  1    wreg      void 
 Registers used:
		wreg, fsr0l, fsr0h, status,2, status,0
 Tracked objects:
		On entry : 
		On exit  : 
		Unchanged: 
 Data sizes:     COMMON   BANK0   BANK1   BANK3   BANK2
      Params:         0       0       0       0       0
      Locals:         1       0       0       0       0
      Temps:          2       0       0       0       0
      Totals:         3       0       0       0       0
Total ram usage:        3 bytes
 Hardware stack levels used:    1
 This function calls:
		Nothing
 This function is called by:
		_Display_Num
 This function uses a non-reentrant model


 *************** function _Disable_Heating_and_Cooling *****************
 Defined at:
		line 19 in file "HEATER_AND_COOLER.c"
 Parameters:    Size  Location     Type
		None
 Auto vars:     Size  Location     Type
		None
 Return value:  Size  Location     Type
                  1    wreg      void 
 Registers used:
		None
 Tracked objects:
		On entry : 
		On exit  : 
		Unchanged: 
 Data sizes:     COMMON   BANK0   BANK1   BANK3   BANK2
      Params:         0       0       0       0       0
      Locals:         0       0       0       0       0
      Temps:          0       0       0       0       0
      Totals:         0       0       0       0       0
Total ram usage:        0 bytes
 Hardware stack levels used:    1
 This function calls:
		Nothing
 This function is called by:
		_ISR_CallBack
 This function uses a non-reentrant model


 *************** function _Disable_Display *****************
 Defined at:
		line 21 in file "SSD.c"
 Parameters:    Size  Location     Type
		None
 Auto vars:     Size  Location     Type
		None
 Return value:  Size  Location     Type
                  1    wreg      void 
 Registers used:
		None
 Tracked objects:
		On entry : 
		On exit  : 
		Unchanged: 
 Data sizes:     COMMON   BANK0   BANK1   BANK3   BANK2
      Params:         0       0       0       0       0
      Locals:         0       0       0       0       0
      Temps:          0       0       0       0       0
      Totals:         0       0       0       0       0
Total ram usage:        0 bytes
 Hardware stack levels used:    1
 This function calls:
		Nothing
 This function is called by:
		_ISR_CallBack
 This function uses a non-reentrant model



MODULE INFORMATION

Module		Function		Class		Link	Load	Size
Timer.c
		_Timer_INIT    		CODE           	1652	0000	18

Timer.c estimated size: 18

C:\Program Files\Microchip\xc8\v2.20\pic\sources\c90\common\__lldiv.c
		___lldiv       		CODE           	09B1	0000	105

C:\Program Files\Microchip\xc8\v2.20\pic\sources\c90\common\__lldiv.c estimated size: 105

SSD.c
		_Disable_Display		CODE           	15AB	0000	6
		_SSD_INIT      		CODE           	15C0	0000	7
		_Seperate_Num  		CODE           	176C	0000	47
		_Select_Digit  		CODE           	1748	0000	37
		_Display_Num   		CODE           	1725	0000	36

SSD.c estimated size: 133

EX_EEPROM.c
		_EEPROM_Read   		CODE           	085E	0000	64
		_EEPROM_Write  		CODE           	16E7	0000	32

EX_EEPROM.c estimated size: 96

C:\Program Files\Microchip\xc8\v2.20\pic\sources\c90\common\Umul8_16.c
		__Umul8_16     		CODE           	0801	0000	40

C:\Program Files\Microchip\xc8\v2.20\pic\sources\c90\common\Umul8_16.c estimated size: 40

C:\Program Files\Microchip\xc8\v2.20\pic\sources\c90\common\sprcadd.c
		___fladd       		CODE           	03B8	0000	661

C:\Program Files\Microchip\xc8\v2.20\pic\sources\c90\common\sprcadd.c estimated size: 661

EX_INT.c
		_EX_Interrupt_INIT		CODE           	1663	0000	19
		_ISR           		CODE           	169C	0000	22

EX_INT.c estimated size: 41

I2C.c
		_Wait_IdleState		CODE           	15FA	0000	14
		_I2C_Stop      		CODE           	1623	0000	15
		_I2C_Write_Data		CODE           	07E1	0000	32
		_I2C_Read_Data 		CODE           	16CC	0000	28
		_I2C_Write_Address		CODE           	1688	0000	21
		_I2C_NACK      		CODE           	1641	0000	18
		_Master_INIT   		CODE           	179A	0000	51
		_I2C_Start     		CODE           	15CF	0000	10

I2C.c estimated size: 189

C:\Program Files\Microchip\xc8\v2.20\pic\sources\c90\common\xxtofl.c
		___xxtofl      		CODE           	0C7C	0000	189

C:\Program Files\Microchip\xc8\v2.20\pic\sources\c90\common\xxtofl.c estimated size: 189

BUTTONS.c
		_Buttons_INIT  		CODE           	15B0	0000	6

BUTTONS.c estimated size: 6

C:\Program Files\Microchip\xc8\v2.20\pic\sources\c90\common\flge.c
		___flge        		CODE           	0B1C	0000	165

C:\Program Files\Microchip\xc8\v2.20\pic\sources\c90\common\flge.c estimated size: 165

C:\Program Files\Microchip\xc8\v2.20\pic\sources\c90\common\awmod.c
		___awmod       		CODE           	08F1	0000	90

C:\Program Files\Microchip\xc8\v2.20\pic\sources\c90\common\awmod.c estimated size: 90

shared
		__i1fptable    		ENTRY          	004E	0000	10
		i1_Wait_IdleState		CODE           	15ED	0000	14
		i1_I2C_Write_Data		CODE           	16B1	0000	28
		i1_I2C_Stop    		CODE           	1615	0000	15
		i1_I2C_Start   		CODE           	15C6	0000	10
		__initialization		CODE           	0015	0000	53
		i1___xxtofl    		CODE           	0BC0	0000	189
		i1_I2C_Write_Address		CODE           	1631	0000	17

shared estimated size: 336

ADC.c
		_ADC_Read      		CODE           	1607	0000	15
		_ADC_INIT      		CODE           	1706	0000	32

ADC.c estimated size: 47

C:\Program Files\Microchip\xc8\v2.20\pic\sources\c90\common\fltol.c
		___fltol       		CODE           	0A19	0000	123

C:\Program Files\Microchip\xc8\v2.20\pic\sources\c90\common\fltol.c estimated size: 123

C:\Program Files\Microchip\xc8\v2.20\pic\sources\c90\common\sprcmul.c
		___flmul       		CODE           	0057	0000	866

C:\Program Files\Microchip\xc8\v2.20\pic\sources\c90\common\sprcmul.c estimated size: 866

HEATER_AND_COOLER.c
		_Heating_and_Cooling_INIT		CODE           	15E2	0000	12
		_Disable_Heating_and_Cooling		CODE           	15BA	0000	7
		_Heating_and_Cooling		CODE           	0D38	0000	236

HEATER_AND_COOLER.c estimated size: 255

main.c
		_main          		CODE           	0A93	0000	138
		_decrease_Temp 		CODE           	17CC	0000	53
		_ISR_CallBack  		CODE           	064C	0000	406
		_increase_Temp 		CODE           	0828	0000	55

main.c estimated size: 652

C:\Program Files\Microchip\xc8\v2.20\pic\sources\c90\common\sprcdiv.c
		___fldiv       		CODE           	0E23	0000	478

C:\Program Files\Microchip\xc8\v2.20\pic\sources\c90\common\sprcdiv.c estimated size: 478

C:\Program Files\Microchip\xc8\v2.20\pic\sources\c90\common\awdiv.c
		___awdiv       		CODE           	094A	0000	104

C:\Program Files\Microchip\xc8\v2.20\pic\sources\c90\common\awdiv.c estimated size: 104

TEMP_SENSOR.c
		_Sense_Temp    		CODE           	089D	0000	85

TEMP_SENSOR.c estimated size: 85

